{
    "version": "@package_version@",
    "package": "phpmd",
    "timestamp": "",
    "violations": [
        {
            "fileName": "\/bar.php",
            "beginLine": 23,
            "endLine": 42,
            "package": "TestStubPackage",
            "function": null,
            "class": null,
            "method": null,
            "rule": "RuleStub",
            "ruleSet": "TestRuleSet",
            "description": "Test description",
            "externalInfoUrl": "http:\/\/phpmd.org\/rules\/index.html",
            "priority": 5
        },
        {
            "fileName": "\/foo.php",
            "beginLine": 23,
            "endLine": 42,
            "package": "TestStubPackage",
            "function": null,
            "class": null,
            "method": null,
            "rule": "RuleStub",
            "ruleSet": "TestRuleSet",
            "description": "Test description",
            "externalInfoUrl": "http:\/\/phpmd.org\/rules\/index.html",
            "priority": 5
        },
        {
            "fileName": "\/bar.php",
            "beginLine": 23,
            "endLine": 42,
            "package": "TestStubPackage",
            "function": null,
            "class": null,
            "method": null,
            "rule": "RuleStub",
            "ruleSet": "TestRuleSet",
            "description": "Test description",
            "externalInfoUrl": "http:\/\/phpmd.org\/rules\/index.html",
            "priority": 5
        }
    ],
    "errors": []
}